package/archiver/arj.tpl
package/archiver/p7zip-full.tpl
package/archiver/rar.tpl
package/archiver/unrar.tpl
package/archiver/unzip.tpl
package/archiver/zip.tpl
package/codec/adobe-flashplugin.tpl
package/codec/ffmpeg.tpl
package/codec/flac.tpl
package/codec/flashplugin-installer.tpl
package/codec/gstreamer.tpl
package/codec/sox.tpl
package/education/goldendict.tpl
package/filemanager/doublecmd-gtk.tpl
package/filemanager/mc.tpl
package/graphic/jpegoptim.tpl
package/graphic/xnview.tpl
package/internet/firefox.tpl
package/internet/git.tpl
package/internet/google-chrome-stable.tpl
package/internet/nautilus-dropbox.tpl
package/internet/pidgin.tpl
package/internet/skype.tpl
package/internet/teamviewer.tpl
package/monitoring/collectd/collectd.tpl
package/monitoring/conky/conky.tpl
package/monitoring/hddtemp.tpl
package/monitoring/htop.tpl
package/monitoring/iftop.tpl
package/monitoring/iotop.tpl
package/multimedia/audacious.tpl
package/multimedia/vlc.tpl
package/net/dnsutils.tpl
package/net/network-manager.tpl
package/net/nmap.tpl
package/net/rdesktop.tpl
package/net/remmina.tpl
package/net/traceroute.tpl
package/net/whois.tpl
package/net/xrdp.tpl
package/office/acroread.tpl
package/office/djview.tpl
package/office/geany.tpl
package/office/libreoffice.tpl
package/services/clamav.tpl
package/services/gpm.tpl
package/services/ssh.tpl
package/system/gufw.tpl
package/system/java.tpl
package/system/xsane.tpl
package/tools/hardinfo.tpl
package/virtual/wine.tpl
package/wm/xfce4/xfce4-goodies.tpl
package/wm/xfce4/xfce4-themes.tpl
package/x/xbacklight.tpl
